error: expected attribute, found derive macro `tinyscript_derive::ScriptEnum`
 --> tests/enum/02-wrong-usage.rs:4:3
  |
4 | #[tinyscript_derive::ScriptEnum]
  |   ^^^^^^^^^^^^^^^^^^^^^^^^^^^^^ not an attribute
